can only concatenate str (not "int") to str
can only concatenate str (not "int") to str
can only concatenate str (not "int") to str
can only concatenate str (not "int") to str
can only concatenate str (not "int") to str
can only concatenate str (not "int") to str
can only concatenate str (not "int") to str
can only concatenate str (not "int") to str
can only concatenate str (not "int") to str
can only concatenate str (not "int") to str
can only concatenate str (not "int") to str
can only concatenate str (not "int") to str
can only concatenate str (not "int") to str
can only concatenate str (not "int") to str
can only concatenate str (not "int") to str
can only concatenate str (not "int") to str
can only concatenate str (not "int") to str
can only concatenate str (not "int") to str
can only concatenate str (not "int") to str
can only concatenate str (not "int") to str
can only concatenate str (not "int") to str
can only concatenate str (not "int") to str
can only concatenate str (not "int") to str
can only concatenate str (not "int") to str
can only concatenate str (not "int") to str
can only concatenate str (not "int") to str
can only concatenate str (not "int") to str
can only concatenate str (not "int") to str
can only concatenate str (not "int") to str
can only concatenate str (not "int") to str
can only concatenate str (not "int") to str
can only concatenate str (not "int") to str
can only concatenate str (not "int") to str
can only concatenate str (not "int") to str
can only concatenate str (not "int") to str
can only concatenate str (not "int") to str
can only concatenate str (not "int") to str
can only concatenate str (not "int") to str
can only concatenate str (not "int") to str
can only concatenate str (not "int") to str
can only concatenate str (not "int") to str
can only concatenate str (not "int") to str
can only concatenate str (not "int") to str
can only concatenate str (not "int") to str
can only concatenate str (not "int") to str
can only concatenate str (not "int") to str
can only concatenate str (not "int") to str
can only concatenate str (not "int") to str
can only concatenate str (not "int") to str
can only concatenate str (not "int") to str
can only concatenate str (not "int") to str
can only concatenate str (not "int") to str
can only concatenate str (not "int") to str
can only concatenate str (not "int") to str
can only concatenate str (not "int") to str
can only concatenate str (not "int") to str
can only concatenate str (not "int") to str
can only concatenate str (not "int") to str
can only concatenate str (not "int") to str
can only concatenate str (not "int") to str
can only concatenate str (not "int") to str
can only concatenate str (not "int") to str
can only concatenate str (not "int") to str
can only concatenate str (not "int") to str
can only concatenate str (not "int") to str
can only concatenate str (not "int") to str
can only concatenate str (not "int") to str
can only concatenate str (not "int") to str
can only concatenate str (not "int") to str
can only concatenate str (not "int") to str
can only concatenate str (not "int") to str
can only concatenate str (not "int") to str
can only concatenate str (not "int") to str
can only concatenate str (not "int") to str
can only concatenate str (not "int") to str
can only concatenate str (not "int") to str
can only concatenate str (not "int") to str
can only concatenate str (not "int") to str
can only concatenate str (not "int") to str
can only concatenate str (not "int") to str
can only concatenate str (not "int") to str
can only concatenate str (not "int") to str
can only concatenate str (not "int") to str
can only concatenate str (not "int") to str
can only concatenate str (not "int") to str
can only concatenate str (not "int") to str
can only concatenate str (not "int") to str
can only concatenate str (not "int") to str
can only concatenate str (not "int") to str
can only concatenate str (not "int") to str
can only concatenate str (not "int") to str
can only concatenate str (not "int") to str
can only concatenate str (not "int") to str
can only concatenate str (not "int") to str
can only concatenate str (not "int") to str
can only concatenate str (not "int") to str
can only concatenate str (not "int") to str
can only concatenate str (not "int") to str
can only concatenate str (not "int") to str
can only concatenate str (not "int") to str
can only concatenate str (not "int") to str
can only concatenate str (not "int") to str
can only concatenate str (not "int") to str
can only concatenate str (not "int") to str
can only concatenate str (not "int") to str
can only concatenate str (not "int") to str
can only concatenate str (not "int") to str
can only concatenate str (not "int") to str
can only concatenate str (not "int") to str
can only concatenate str (not "int") to str
